======================================================================
DAN BASELINE EXPERIMENT
======================================================================

Experiment:       baseline-da-run
Start time:       2026-07-28 11:52:17.159512
Dataset:          Office31
Source domain:    A
Target domain:    W
Backbone:         resnet18
Batch size:       32
Learning rate:    0.003
Epochs:           20
Iterations/epoch: 500
Total iterations: 10000

DAN OUTPUT
======================================================================
Namespace(root='data/office31', data='Office31', source=['A'], target=['W'], train_resizing='default', val_resizing='default', resize_size=224, scale=[0.08, 1.0], ratio=[0.75, 1.3333333333333333], no_hflip=False, norm_mean=(0.485, 0.456, 0.406), norm_std=(0.229, 0.224, 0.225), arch='resnet18', bottleneck_dim=256, no_pool=False, scratch=False, non_linear=False, trade_off=1.0, batch_size=32, lr=0.003, lr_gamma=0.0003, lr_decay=0.75, momentum=0.9, wd=0.0005, workers=2, epochs=20, iters_per_epoch=500, print_freq=100, seed=None, per_class_eval=False, log='dan', phase='train')
train_transform:  Compose(
    Compose(
    ResizeImage(size=(256, 256))
    RandomResizedCrop(size=(224, 224), scale=(0.08, 1.0), ratio=(0.75, 1.3333), interpolation=bilinear, antialias=True)
)
    RandomHorizontalFlip(p=0.5)
    ToTensor()
    Normalize(mean=(0.485, 0.456, 0.406), std=(0.229, 0.224, 0.225))
)
val_transform:  Compose(
    Compose(
    ResizeImage(size=(256, 256))
    CenterCrop(size=(224, 224))
)
    ToTensor()
    Normalize(mean=(0.485, 0.456, 0.406), std=(0.229, 0.224, 0.225))
)
=> using model 'resnet18'
Epoch: [0][  0/500]	Time 3.22 (3.22)	Data 0.1 (0.1)	Loss 3.53 (3.53)	Trans Loss 0.1048 (0.1048)	Cls Acc 0.0 (0.0)
Epoch: [0][100/500]	Time 0.34 (0.41)	Data 0.3 (0.3)	Loss 2.32 (3.12)	Trans Loss 0.0869 (0.0471)	Cls Acc 43.8 (19.0)
Epoch: [0][200/500]	Time 0.52 (0.41)	Data 0.4 (0.3)	Loss 1.49 (2.59)	Trans Loss 0.0661 (0.0492)	Cls Acc 62.5 (33.8)
Epoch: [0][300/500]	Time 0.39 (0.41)	Data 0.3 (0.3)	Loss 1.56 (2.24)	Trans Loss 0.0816 (0.0474)	Cls Acc 50.0 (42.4)
Epoch: [0][400/500]	Time 0.50 (0.41)	Data 0.4 (0.3)	Loss 1.16 (2.01)	Trans Loss -0.0469 (0.0495)	Cls Acc 68.8 (48.4)
Test: [ 0/25]	Time  1.313 ( 1.313)	Loss 1.2742e+00 (1.2742e+00)	Acc@1  53.12 ( 53.12)
 * Acc@1 68.428
Epoch: [1][  0/500]	Time 0.11 (0.11)	Data 0.0 (0.0)	Loss 1.68 (1.68)	Trans Loss 0.1482 (0.1482)	Cls Acc 53.1 (53.1)
Epoch: [1][100/500]	Time 1.21 (0.39)	Data 1.1 (0.3)	Loss 1.11 (1.09)	Trans Loss 0.0350 (0.0446)	Cls Acc 65.6 (70.8)
Epoch: [1][200/500]	Time 0.35 (0.40)	Data 0.3 (0.3)	Loss 0.87 (1.06)	Trans Loss 0.0052 (0.0467)	Cls Acc 71.9 (71.9)
Epoch: [1][300/500]	Time 0.28 (0.41)	Data 0.2 (0.3)	Loss 1.00 (1.04)	Trans Loss 0.0206 (0.0490)	Cls Acc 68.8 (72.4)
Epoch: [1][400/500]	Time 0.95 (0.41)	Data 0.9 (0.3)	Loss 0.55 (1.01)	Trans Loss 0.0931 (0.0487)	Cls Acc 87.5 (73.2)
Test: [ 0/25]	Time  0.787 ( 0.787)	Loss 1.3456e+00 (1.3456e+00)	Acc@1  53.12 ( 53.12)
 * Acc@1 74.340
Epoch: [2][  0/500]	Time 0.20 (0.20)	Data 0.1 (0.1)	Loss 0.64 (0.64)	Trans Loss 0.0872 (0.0872)	Cls Acc 84.4 (84.4)
Epoch: [2][100/500]	Time 0.50 (0.40)	Data 0.4 (0.3)	Loss 0.74 (0.82)	Trans Loss 0.1168 (0.0451)	Cls Acc 78.1 (78.1)
Epoch: [2][200/500]	Time 0.95 (0.40)	Data 0.9 (0.3)	Loss 1.21 (0.83)	Trans Loss 0.0543 (0.0495)	Cls Acc 75.0 (78.1)
Epoch: [2][300/500]	Time 0.27 (0.39)	Data 0.2 (0.3)	Loss 0.84 (0.82)	Trans Loss 0.0552 (0.0518)	Cls Acc 78.1 (78.5)
Epoch: [2][400/500]	Time 0.37 (0.40)	Data 0.3 (0.3)	Loss 0.35 (0.81)	Trans Loss 0.0108 (0.0503)	Cls Acc 87.5 (78.7)
Test: [ 0/25]	Time  1.636 ( 1.636)	Loss 1.4811e+00 (1.4811e+00)	Acc@1  40.62 ( 40.62)
 * Acc@1 74.465
Epoch: [3][  0/500]	Time 0.13 (0.13)	Data 0.0 (0.0)	Loss 1.11 (1.11)	Trans Loss 0.1053 (0.1053)	Cls Acc 68.8 (68.8)
Epoch: [3][100/500]	Time 0.29 (0.40)	Data 0.2 (0.3)	Loss 0.80 (0.73)	Trans Loss 0.0016 (0.0515)	Cls Acc 75.0 (81.0)
Epoch: [3][200/500]	Time 0.52 (0.41)	Data 0.4 (0.3)	Loss 0.66 (0.71)	Trans Loss 0.0871 (0.0477)	Cls Acc 78.1 (81.4)
Epoch: [3][300/500]	Time 1.01 (0.41)	Data 0.9 (0.3)	Loss 0.72 (0.68)	Trans Loss 0.0296 (0.0477)	Cls Acc 78.1 (82.1)
Epoch: [3][400/500]	Time 0.42 (0.41)	Data 0.3 (0.3)	Loss 0.49 (0.68)	Trans Loss 0.0574 (0.0491)	Cls Acc 87.5 (82.1)
Test: [ 0/25]	Time  0.688 ( 0.688)	Loss 1.3687e+00 (1.3687e+00)	Acc@1  43.75 ( 43.75)
 * Acc@1 78.113
Epoch: [4][  0/500]	Time 0.16 (0.16)	Data 0.0 (0.0)	Loss 0.65 (0.65)	Trans Loss 0.0955 (0.0955)	Cls Acc 81.2 (81.2)
Epoch: [4][100/500]	Time 0.27 (0.41)	Data 0.2 (0.3)	Loss 0.37 (0.59)	Trans Loss 0.0073 (0.0525)	Cls Acc 87.5 (84.5)
Epoch: [4][200/500]	Time 1.02 (0.40)	Data 0.9 (0.3)	Loss 0.62 (0.59)	Trans Loss 0.0860 (0.0492)	Cls Acc 84.4 (84.5)
Epoch: [4][300/500]	Time 0.27 (0.41)	Data 0.2 (0.3)	Loss 0.48 (0.60)	Trans Loss -0.0520 (0.0468)	Cls Acc 81.2 (84.3)
Epoch: [4][400/500]	Time 1.20 (0.41)	Data 1.1 (0.3)	Loss 0.16 (0.59)	Trans Loss 0.0306 (0.0485)	Cls Acc 100.0 (84.4)
Test: [ 0/25]	Time  0.838 ( 0.838)	Loss 2.4412e+00 (2.4412e+00)	Acc@1  40.62 ( 40.62)
 * Acc@1 75.849
Epoch: [5][  0/500]	Time 0.18 (0.18)	Data 0.0 (0.0)	Loss 0.48 (0.48)	Trans Loss 0.0759 (0.0759)	Cls Acc 90.6 (90.6)
Epoch: [5][100/500]	Time 0.50 (0.39)	Data 0.4 (0.3)	Loss 0.79 (0.55)	Trans Loss 0.0208 (0.0467)	Cls Acc 81.2 (86.0)
Epoch: [5][200/500]	Time 0.24 (0.40)	Data 0.1 (0.3)	Loss 0.43 (0.53)	Trans Loss 0.0607 (0.0412)	Cls Acc 90.6 (86.1)
Epoch: [5][300/500]	Time 0.30 (0.40)	Data 0.2 (0.3)	Loss 0.42 (0.53)	Trans Loss -0.0463 (0.0392)	Cls Acc 93.8 (86.1)
Epoch: [5][400/500]	Time 0.32 (0.40)	Data 0.2 (0.3)	Loss 0.42 (0.53)	Trans Loss 0.0757 (0.0418)	Cls Acc 93.8 (86.1)
Test: [ 0/25]	Time  0.700 ( 0.700)	Loss 1.5515e+00 (1.5515e+00)	Acc@1  46.88 ( 46.88)
 * Acc@1 78.491
Epoch: [6][  0/500]	Time 0.79 (0.79)	Data 0.7 (0.7)	Loss 0.29 (0.29)	Trans Loss 0.0573 (0.0573)	Cls Acc 90.6 (90.6)
Epoch: [6][100/500]	Time 0.26 (0.42)	Data 0.2 (0.3)	Loss 0.62 (0.48)	Trans Loss 0.0559 (0.0464)	Cls Acc 84.4 (87.6)
Epoch: [6][200/500]	Time 0.50 (0.40)	Data 0.4 (0.3)	Loss 0.62 (0.49)	Trans Loss 0.0222 (0.0455)	Cls Acc 87.5 (87.1)
Epoch: [6][300/500]	Time 0.44 (0.40)	Data 0.4 (0.3)	Loss 0.17 (0.49)	Trans Loss -0.0522 (0.0439)	Cls Acc 90.6 (86.9)
Epoch: [6][400/500]	Time 0.59 (0.40)	Data 0.5 (0.3)	Loss 0.45 (0.49)	Trans Loss -0.0275 (0.0449)	Cls Acc 84.4 (87.2)
Test: [ 0/25]	Time  0.629 ( 0.629)	Loss 1.4805e+00 (1.4805e+00)	Acc@1  50.00 ( 50.00)
 * Acc@1 77.233
Epoch: [7][  0/500]	Time 0.12 (0.12)	Data 0.0 (0.0)	Loss 0.61 (0.61)	Trans Loss 0.0029 (0.0029)	Cls Acc 84.4 (84.4)
Epoch: [7][100/500]	Time 0.65 (0.41)	Data 0.6 (0.3)	Loss 0.48 (0.47)	Trans Loss -0.0128 (0.0386)	Cls Acc 78.1 (87.4)
Epoch: [7][200/500]	Time 0.44 (0.42)	Data 0.3 (0.3)	Loss 0.40 (0.46)	Trans Loss 0.0501 (0.0415)	Cls Acc 93.8 (88.0)
Epoch: [7][300/500]	Time 0.47 (0.41)	Data 0.4 (0.3)	Loss 0.70 (0.45)	Trans Loss 0.0788 (0.0427)	Cls Acc 84.4 (88.3)
Epoch: [7][400/500]	Time 0.22 (0.41)	Data 0.1 (0.3)	Loss 0.60 (0.44)	Trans Loss 0.1252 (0.0417)	Cls Acc 84.4 (88.5)
Test: [ 0/25]	Time  0.700 ( 0.700)	Loss 1.5628e+00 (1.5628e+00)	Acc@1  43.75 ( 43.75)
 * Acc@1 75.849
Epoch: [8][  0/500]	Time 0.11 (0.11)	Data 0.0 (0.0)	Loss 0.50 (0.50)	Trans Loss 0.0996 (0.0996)	Cls Acc 81.2 (81.2)
Epoch: [8][100/500]	Time 0.47 (0.38)	Data 0.4 (0.3)	Loss 0.36 (0.41)	Trans Loss -0.1425 (0.0449)	Cls Acc 90.6 (89.2)
Epoch: [8][200/500]	Time 0.71 (0.40)	Data 0.6 (0.3)	Loss 0.66 (0.42)	Trans Loss 0.1112 (0.0441)	Cls Acc 87.5 (89.2)
Epoch: [8][300/500]	Time 0.92 (0.40)	Data 0.8 (0.3)	Loss 0.30 (0.42)	Trans Loss -0.0069 (0.0444)	Cls Acc 93.8 (89.3)
Epoch: [8][400/500]	Time 0.99 (0.40)	Data 0.9 (0.3)	Loss 0.21 (0.41)	Trans Loss 0.0858 (0.0423)	Cls Acc 96.9 (89.5)
Test: [ 0/25]	Time  0.709 ( 0.709)	Loss 1.2974e+00 (1.2974e+00)	Acc@1  56.25 ( 56.25)
 * Acc@1 76.352
Epoch: [9][  0/500]	Time 0.12 (0.12)	Data 0.0 (0.0)	Loss 0.24 (0.24)	Trans Loss 0.0181 (0.0181)	Cls Acc 90.6 (90.6)
Epoch: [9][100/500]	Time 0.47 (0.40)	Data 0.4 (0.3)	Loss 0.40 (0.40)	Trans Loss 0.1244 (0.0456)	Cls Acc 90.6 (89.4)
Epoch: [9][200/500]	Time 0.32 (0.39)	Data 0.2 (0.3)	Loss 0.49 (0.39)	Trans Loss 0.1803 (0.0463)	Cls Acc 90.6 (90.0)
Epoch: [9][300/500]	Time 0.69 (0.39)	Data 0.6 (0.3)	Loss 0.66 (0.39)	Trans Loss 0.0599 (0.0451)	Cls Acc 84.4 (90.1)
Epoch: [9][400/500]	Time 0.41 (0.39)	Data 0.3 (0.3)	Loss 0.53 (0.39)	Trans Loss 0.0338 (0.0425)	Cls Acc 81.2 (90.0)
Test: [ 0/25]	Time  0.633 ( 0.633)	Loss 2.1056e+00 (2.1056e+00)	Acc@1  43.75 ( 43.75)
 * Acc@1 76.352
Epoch: [10][  0/500]	Time 0.13 (0.13)	Data 0.0 (0.0)	Loss 0.42 (0.42)	Trans Loss 0.0155 (0.0155)	Cls Acc 87.5 (87.5)
Epoch: [10][100/500]	Time 0.26 (0.40)	Data 0.2 (0.3)	Loss 0.55 (0.38)	Trans Loss 0.1194 (0.0346)	Cls Acc 90.6 (90.3)
Epoch: [10][200/500]	Time 0.71 (0.40)	Data 0.6 (0.3)	Loss 0.68 (0.38)	Trans Loss 0.1465 (0.0402)	Cls Acc 90.6 (90.7)
Epoch: [10][300/500]	Time 0.24 (0.40)	Data 0.2 (0.3)	Loss 0.12 (0.37)	Trans Loss 0.0023 (0.0432)	Cls Acc 96.9 (90.7)
Epoch: [10][400/500]	Time 1.17 (0.40)	Data 1.1 (0.3)	Loss 0.47 (0.37)	Trans Loss 0.1247 (0.0407)	Cls Acc 87.5 (90.7)
Test: [ 0/25]	Time  0.687 ( 0.687)	Loss 1.6850e+00 (1.6850e+00)	Acc@1  50.00 ( 50.00)
 * Acc@1 76.730
Epoch: [11][  0/500]	Time 0.16 (0.16)	Data 0.0 (0.0)	Loss 0.31 (0.31)	Trans Loss 0.0081 (0.0081)	Cls Acc 93.8 (93.8)
Epoch: [11][100/500]	Time 0.55 (0.39)	Data 0.5 (0.3)	Loss 0.17 (0.35)	Trans Loss 0.0270 (0.0434)	Cls Acc 96.9 (91.2)
Epoch: [11][200/500]	Time 0.44 (0.38)	Data 0.3 (0.3)	Loss 0.34 (0.36)	Trans Loss -0.0104 (0.0389)	Cls Acc 93.8 (90.6)
Epoch: [11][300/500]	Time 0.34 (0.39)	Data 0.2 (0.3)	Loss 0.63 (0.36)	Trans Loss 0.1360 (0.0423)	Cls Acc 87.5 (90.7)
Epoch: [11][400/500]	Time 0.81 (0.39)	Data 0.7 (0.3)	Loss 0.39 (0.36)	Trans Loss 0.1003 (0.0418)	Cls Acc 93.8 (90.8)
Test: [ 0/25]	Time  0.318 ( 0.318)	Loss 1.8320e+00 (1.8320e+00)	Acc@1  46.88 ( 46.88)
 * Acc@1 76.855
Epoch: [12][  0/500]	Time 0.90 (0.90)	Data 0.8 (0.8)	Loss 0.22 (0.22)	Trans Loss 0.0656 (0.0656)	Cls Acc 96.9 (96.9)
Epoch: [12][100/500]	Time 0.26 (0.41)	Data 0.2 (0.3)	Loss 0.06 (0.34)	Trans Loss 0.0169 (0.0440)	Cls Acc 100.0 (91.6)
Epoch: [12][200/500]	Time 0.95 (0.40)	Data 0.9 (0.3)	Loss 0.05 (0.34)	Trans Loss -0.0461 (0.0423)	Cls Acc 100.0 (91.6)
Epoch: [12][300/500]	Time 0.42 (0.40)	Data 0.3 (0.3)	Loss 0.45 (0.33)	Trans Loss 0.0979 (0.0391)	Cls Acc 90.6 (91.8)
Epoch: [12][400/500]	Time 0.50 (0.40)	Data 0.4 (0.3)	Loss 0.21 (0.33)	Trans Loss 0.0564 (0.0382)	Cls Acc 96.9 (91.7)
Test: [ 0/25]	Time  0.705 ( 0.705)	Loss 2.2500e+00 (2.2500e+00)	Acc@1  40.62 ( 40.62)
 * Acc@1 76.604
Epoch: [13][  0/500]	Time 0.16 (0.16)	Data 0.0 (0.0)	Loss 0.27 (0.27)	Trans Loss -0.0118 (-0.0118)	Cls Acc 93.8 (93.8)
Epoch: [13][100/500]	Time 1.33 (0.39)	Data 1.2 (0.3)	Loss 0.14 (0.34)	Trans Loss 0.0162 (0.0428)	Cls Acc 100.0 (92.1)
Epoch: [13][200/500]	Time 0.32 (0.40)	Data 0.2 (0.3)	Loss 0.31 (0.33)	Trans Loss -0.0061 (0.0405)	Cls Acc 90.6 (92.2)
Epoch: [13][300/500]	Time 0.79 (0.40)	Data 0.7 (0.3)	Loss 0.60 (0.33)	Trans Loss 0.0713 (0.0398)	Cls Acc 87.5 (92.3)
Epoch: [13][400/500]	Time 0.35 (0.40)	Data 0.3 (0.3)	Loss 0.36 (0.33)	Trans Loss 0.0219 (0.0397)	Cls Acc 90.6 (92.2)
Test: [ 0/25]	Time  1.170 ( 1.170)	Loss 1.5481e+00 (1.5481e+00)	Acc@1  56.25 ( 56.25)
 * Acc@1 76.730
Epoch: [14][  0/500]	Time 0.13 (0.13)	Data 0.0 (0.0)	Loss 0.23 (0.23)	Trans Loss 0.0366 (0.0366)	Cls Acc 93.8 (93.8)
Epoch: [14][100/500]	Time 0.90 (0.39)	Data 0.8 (0.3)	Loss 0.14 (0.28)	Trans Loss 0.0709 (0.0325)	Cls Acc 100.0 (92.9)
Epoch: [14][200/500]	Time 0.59 (0.40)	Data 0.5 (0.3)	Loss 0.23 (0.29)	Trans Loss 0.1287 (0.0319)	Cls Acc 93.8 (92.7)
Epoch: [14][300/500]	Time 0.62 (0.40)	Data 0.5 (0.3)	Loss 0.29 (0.29)	Trans Loss 0.1257 (0.0354)	Cls Acc 100.0 (92.6)
Epoch: [14][400/500]	Time 0.35 (0.40)	Data 0.3 (0.3)	Loss 0.48 (0.30)	Trans Loss 0.0567 (0.0375)	Cls Acc 84.4 (92.7)
Test: [ 0/25]	Time  0.586 ( 0.586)	Loss 1.8735e+00 (1.8735e+00)	Acc@1  43.75 ( 43.75)
 * Acc@1 76.604
Epoch: [15][  0/500]	Time 0.15 (0.15)	Data 0.0 (0.0)	Loss 0.21 (0.21)	Trans Loss 0.0134 (0.0134)	Cls Acc 96.9 (96.9)
Epoch: [15][100/500]	Time 0.40 (0.40)	Data 0.3 (0.3)	Loss 0.17 (0.29)	Trans Loss 0.0198 (0.0422)	Cls Acc 96.9 (93.1)
Epoch: [15][200/500]	Time 0.26 (0.39)	Data 0.2 (0.3)	Loss 0.38 (0.29)	Trans Loss 0.1021 (0.0364)	Cls Acc 93.8 (93.0)
Epoch: [15][300/500]	Time 0.70 (0.40)	Data 0.6 (0.3)	Loss 0.19 (0.29)	Trans Loss 0.0611 (0.0361)	Cls Acc 93.8 (92.7)
Epoch: [15][400/500]	Time 0.75 (0.39)	Data 0.6 (0.3)	Loss 0.16 (0.29)	Trans Loss 0.0509 (0.0368)	Cls Acc 100.0 (92.8)
Test: [ 0/25]	Time  0.693 ( 0.693)	Loss 1.9295e+00 (1.9295e+00)	Acc@1  43.75 ( 43.75)
 * Acc@1 75.975
Epoch: [16][  0/500]	Time 0.11 (0.11)	Data 0.0 (0.0)	Loss 0.30 (0.30)	Trans Loss 0.0444 (0.0444)	Cls Acc 93.8 (93.8)
Epoch: [16][100/500]	Time 0.25 (0.42)	Data 0.2 (0.3)	Loss 0.32 (0.28)	Trans Loss 0.0770 (0.0386)	Cls Acc 90.6 (92.9)
Epoch: [16][200/500]	Time 0.86 (0.41)	Data 0.8 (0.3)	Loss 0.28 (0.29)	Trans Loss 0.0680 (0.0416)	Cls Acc 93.8 (92.9)
Epoch: [16][300/500]	Time 0.23 (0.40)	Data 0.1 (0.3)	Loss 0.73 (0.29)	Trans Loss 0.0662 (0.0417)	Cls Acc 75.0 (92.7)
Epoch: [16][400/500]	Time 1.27 (0.40)	Data 1.2 (0.3)	Loss 0.21 (0.30)	Trans Loss 0.0096 (0.0426)	Cls Acc 90.6 (92.7)
Test: [ 0/25]	Time  0.766 ( 0.766)	Loss 1.7049e+00 (1.7049e+00)	Acc@1  53.12 ( 53.12)
 * Acc@1 76.730
Epoch: [17][  0/500]	Time 0.19 (0.19)	Data 0.1 (0.1)	Loss 0.45 (0.45)	Trans Loss 0.0680 (0.0680)	Cls Acc 84.4 (84.4)
Epoch: [17][100/500]	Time 0.35 (0.40)	Data 0.3 (0.3)	Loss 0.59 (0.31)	Trans Loss 0.0464 (0.0436)	Cls Acc 84.4 (92.7)
Epoch: [17][200/500]	Time 0.81 (0.40)	Data 0.7 (0.3)	Loss 0.28 (0.29)	Trans Loss 0.0883 (0.0387)	Cls Acc 93.8 (92.8)
Epoch: [17][300/500]	Time 0.75 (0.40)	Data 0.7 (0.3)	Loss 0.24 (0.29)	Trans Loss 0.0063 (0.0391)	Cls Acc 96.9 (93.0)
Epoch: [17][400/500]	Time 0.52 (0.40)	Data 0.4 (0.3)	Loss 0.29 (0.28)	Trans Loss 0.0527 (0.0392)	Cls Acc 93.8 (93.1)
Test: [ 0/25]	Time  0.397 ( 0.397)	Loss 2.0919e+00 (2.0919e+00)	Acc@1  43.75 ( 43.75)
 * Acc@1 77.987
Epoch: [18][  0/500]	Time 0.63 (0.63)	Data 0.5 (0.5)	Loss 0.20 (0.20)	Trans Loss 0.0042 (0.0042)	Cls Acc 96.9 (96.9)
Epoch: [18][100/500]	Time 0.85 (0.39)	Data 0.8 (0.3)	Loss 0.38 (0.28)	Trans Loss 0.0413 (0.0407)	Cls Acc 90.6 (93.6)
Epoch: [18][200/500]	Time 0.33 (0.39)	Data 0.3 (0.3)	Loss 0.03 (0.28)	Trans Loss -0.0367 (0.0384)	Cls Acc 100.0 (93.5)
Epoch: [18][300/500]	Time 0.45 (0.41)	Data 0.4 (0.3)	Loss 0.23 (0.28)	Trans Loss 0.0653 (0.0390)	Cls Acc 96.9 (93.6)
Epoch: [18][400/500]	Time 0.88 (0.41)	Data 0.8 (0.3)	Loss 0.30 (0.27)	Trans Loss 0.0977 (0.0390)	Cls Acc 100.0 (93.7)
Test: [ 0/25]	Time  0.649 ( 0.649)	Loss 1.8980e+00 (1.8980e+00)	Acc@1  46.88 ( 46.88)
 * Acc@1 76.604
Epoch: [19][  0/500]	Time 0.12 (0.12)	Data 0.0 (0.0)	Loss 0.22 (0.22)	Trans Loss 0.0909 (0.0909)	Cls Acc 93.8 (93.8)
